
export function Test() {
    return <html xmlns="http://www.w3.org/1999/xhtml">
        <body>
            <div id="outer">
                <div id="inner">
                    <h1>
                        Hello!
                    </h1>
                </div>
            </div>
        </body>
    </html>;
}

