import { createSignal } from "solid-js";

export function Test() {
    const patternInput = createSignal(0);
    const count = patternInput[0];
    return <>
        <p>
            {`Count1 is ${count()}`}
        </p>
        <p>
            Count2 is 
            {count()}
        </p>
        <button class="button"
            onClick={(_arg) => {
                patternInput[1](count() + 1);
            }}>
            Click me!
        </button>
    </>;
}

