import { Faketag } from "fakemodule";

export function Button() {
    return <Faketag class="TEST"
        key="value"></Faketag>;
}

