
export function SvgTest() {
    return <svg>
        <defs>
            <linearGradient id="gradient"
                x1="0%"
                y1="0%"
                x2="100%"
                y2="0%">
                <stop offset="0%"
                    style="stop-color:rgb(255,255,0);stop-opacity:1"></stop>
                <stop offset="100%"
                    style="stop-color:rgb(255,0,0);stop-opacity:1"></stop>
            </linearGradient>
        </defs>
        <circle id="circle"
            fill-opacity="50%"
            clip-rule="nonzero"></circle>
        Sorry but this browser does not support inline SVG.
    </svg>;
}

