import { int32ToString } from "./fable_modules/fable-library-js.4.21.0/Util.js";
import { toArray } from "./fable_modules/fable-library-js.4.21.0/Seq.js";
import { rangeDouble } from "./fable_modules/fable-library-js.4.21.0/Range.js";

export function Component(hello, children) {
    return <h1>
        {hello}
        {children}
    </h1>;
}

export function Test() {
    return <div>
        {Component("Hello1", <br></br>)}
        {Component("Hello2", <>
            <i></i>
        </>)}
        <For each={toArray(rangeDouble(1, 1, 3))}>
            {(i, _arg) => Component("Hello3", <>
                {int32ToString(i)}
            </>)}
        </For>
    </div>;
}

