
export function Test() {
    return <body>
        zero
        <h1 id="one"></h1>
        <div id="two">
            2
        </div>
        <div>
            3
        </div>
        <br></br>
        five
    </body>;
}

