
export function Test() {
    return <body hello="world">
        <h1 data-abcd="efgh"></h1>
    </body>;
}

